Microchip MPLAB XC8 Compiler V2.40

Linker command line:

-W-3 \
  --edf=C:\Program Files\Microchip\xc8\v2.40\pic\dat\20220703182018_en.msgs \
  -cn -h+dist/default/production\Laboratorio_07.X.production.sym \
  --cmf=dist/default/production\Laboratorio_07.X.production.cmf -z -Q16F887 \
  -oC:\Users\Gabriel\AppData\Local\Temp\xcAsrhc.4 --defsym=__MPLAB_BUILD=1 \
  --fixupoverflow=error \
  -Mdist/default/production/Laboratorio_07.X.production.map \
  --md=C:\Users\Gabriel\AppData\Local\Temp\xcAsrhc.dat -E1 \
  -ver=XC8 Compiler --acfsm=1493 -ACODE=00h-07FFhx4 -ASTRCODE=00h-01FFFh \
  -ASTRING=00h-0FFhx32 -ACONST=00h-0FFhx32 -AENTRY=00h-0FFhx32 \
  -ACOMMON=070h-07Fh -ABANK0=020h-06Fh -ABANK1=0A0h-0EFh \
  -ABANK2=0110h-016Fh -ABANK3=0190h-01EFh \
  -ARAM=020h-06Fh,0A0h-0EFh,0110h-016Fh,0190h-01EFh \
  -AABS1=020h-07Fh,0A0h-0EFh,0110h-016Fh,0190h-01EFh -ASFR0=00h-01Fh \
  -ASFR1=080h-09Fh -ASFR2=0100h-010Fh -ASFR3=0180h-018Fh \
  -ACONFIG=02007h-02008h -DCONFIG=2 -AIDLOC=02000h-02003h -DIDLOC=2 \
  -AEEDATA=00h-0FFh/02100h -peeprom_data=EEDATA -DEEDATA=2 -DCODE=2 \
  -DSTRCODE=2 -DSTRING=2 -DCONST=2 -DENTRY=2 \
  -preset_vec=00h,intentry=04h,init,end_init -ppowerup=CODE -pcinit=CODE \
  -pfunctab=ENTRY -k C:\Users\Gabriel\AppData\Local\Temp\xcAsrhc.o \
  dist/default/production\Laboratorio_07.X.production.o 

Object code version is 3.11

Machine type is 16F887



                Name                               Link     Load   Length Selector   Space Scale
C:\Users\Gabriel\AppData\Local\Temp\xcAsrhc.o
                end_init                             10       10        3        8       0
                reset_vec                             0        0        3        0       0
                config                             2007     2007        2        0       4
                idloc                              2000     2000        4        0       5
dist/default/production\Laboratorio_07.X.production.o
                cinit                                13       13        C        8       0
                intentry                              4        4        C        8       0
                config                             2007     2007        2        0       4
                idloc                              2000     2000        4        0       5
                text20                             1181     1181       17     2302       0
                text19                              B50      B50      258     16A0       0
                text18                             162D     162D      1D3     2C5A       0
                text17                              80D      80D       27     101A       0
                text16                              364      364      345        8       0
                text15                             1230     1230       8E     2460       0
                text14                             14BB     14BB       B8     2976       0
                text13                             140D     140D       AE     281A       0
                text12                              834      834       CB     1068       0
                text11                              8FF      8FF      251     11FE       0
                text10                              7B9      7B9       29        8       0
                text9                                1F       1F      345        8       0
                text8                              11B8     11B8       78     2370       0
                text7                              1573     1573       BA     2AE6       0
                text6                               6A9      6A9      110        8       0
                text5                               DA8      DA8      258     1B50       0
                text4                              1362     1362       AB     26C4       0
                text3                               800      800        D     1000       0
                text2                              1198     1198       20     2330       0
                text1                               7E2      7E2       1D        8       0
                maintext                           12BE     12BE       A4     257C       0
                cstackBANK0                          20       20       50       20       1
                cstackCOMMON                         70       70        E       70       1
                cstackBANK1                          A0       A0       3C       A0       1
                cstackBANK3                         190      190       42      190       1
                bssBANK1                             DC       DC        6       A0       1

TOTAL           Name                               Link     Load   Length     Space
        CLASS   CODE           
                end_init                             10       10        3         0
                cinit                                13       13        C         0
                intentry                              4        4        C         0
                reset_vec                             0        0        3         0
                text20                             1181     1181       17         0
                text19                              B50      B50      258         0
                text18                             162D     162D      1D3         0
                text17                              80D      80D       27         0
                text16                              364      364      345         0
                text15                             1230     1230       8E         0
                text14                             14BB     14BB       B8         0
                text13                             140D     140D       AE         0
                text12                              834      834       CB         0
                text11                              8FF      8FF      251         0
                text10                              7B9      7B9       29         0
                text9                                1F       1F      345         0
                text8                              11B8     11B8       78         0
                text7                              1573     1573       BA         0
                text6                               6A9      6A9      110         0
                text5                               DA8      DA8      258         0
                text4                              1362     1362       AB         0
                text3                               800      800        D         0
                text2                              1198     1198       20         0
                text1                               7E2      7E2       1D         0
                maintext                           12BE     12BE       A4         0

        CLASS   STRCODE        

        CLASS   STRING         

        CLASS   CONST          

        CLASS   ENTRY          

        CLASS   COMMON         
                cstackCOMMON                         70       70        E         1

        CLASS   BANK0          
                cstackBANK0                          20       20       50         1

        CLASS   BANK1          
                cstackBANK1                          A0       A0       3C         1
                bssBANK1                             DC       DC        6         1

        CLASS   BANK2          

        CLASS   BANK3          
                cstackBANK3                         190      190       42         1

        CLASS   RAM            

        CLASS   ABS1           
                abs_s1                               7E       7E        2         1

        CLASS   SFR0           

        CLASS   SFR1           

        CLASS   SFR2           

        CLASS   SFR3           

        CLASS   CONFIG         
                config                             2007     2007        2         4

        CLASS   IDLOC          
                idloc                              2000     2000        4         5

        CLASS   EEDATA         

        CLASS   STACK          



SEGMENTS        Name                           Load    Length   Top    Selector   Space  Class     Delta

                reset_vec                      000000  000003  000003         0       0  CODE        2
                intentry                       000004  0007FB  0007FF         8       0  CODE        2
                cstackBANK0                    000020  000050  000070        20       1  BANK0       1
                cstackCOMMON                   000070  00000E  00007E        70       1  COMMON      1
                cstackBANK1                    0000A0  000042  0000E2        A0       1  BANK1       1
                cstackBANK3                    000190  000042  0001D2       190       1  BANK3       1
                text3                          000800  00000D  00080D      1000       0  CODE        2
                text17                         00080D  000027  000834      101A       0  CODE        2
                text12                         000834  0000CB  0008FF      1068       0  CODE        2
                text11                         0008FF  000251  000B50      11FE       0  CODE        2
                text19                         000B50  000258  000DA8      16A0       0  CODE        2
                text5                          000DA8  000258  001000      1B50       0  CODE        2
                text20                         001181  000017  001198      2302       0  CODE        2
                text2                          001198  000020  0011B8      2330       0  CODE        2
                text8                          0011B8  000078  001230      2370       0  CODE        2
                text15                         001230  00008E  0012BE      2460       0  CODE        2
                maintext                       0012BE  0000A4  001362      257C       0  CODE        2
                text4                          001362  0000AB  00140D      26C4       0  CODE        2
                text13                         00140D  0000AE  0014BB      281A       0  CODE        2
                text14                         0014BB  0000B8  001573      2976       0  CODE        2
                text7                          001573  0000BA  00162D      2AE6       0  CODE        2
                text18                         00162D  0001D3  001800      2C5A       0  CODE        2


UNUSED ADDRESS RANGES

        Name                Unused          Largest block    Delta
        BANK1            00E2-00EF              E           1
        BANK2            0110-016F             60           1
        BANK3            01D2-01EF             1E           1
        CODE             0003-0003              1           2
                         07FF-07FF              1
                         1000-1180            181
                         1800-1FFF            800
        CONST            0003-0003              1           2
                         07FF-07FF              1
                         1000-1180            100
                         1800-1FFF            100
        EEDATA           2100-21FF            100           2
        ENTRY            0003-0003              1           2
                         07FF-07FF              1
                         1000-1180            100
                         1800-1FFF            100
        RAM              00E2-00EF              E           1
                         0110-016F             60
                         01D2-01EF             1E
        SFR0             0000-001F             20           1
        SFR1             0080-009F             20           1
        SFR2             0100-010F             10           1
        SFR3             0180-018F             10           1
        STRCODE          0003-0003              1           2
                         07FF-07FF              1
                         1000-1180            181
                         1800-1FFF            800
        STRING           0003-0003              1           2
                         07FF-07FF              1
                         1000-1180            100
                         1800-1FFF            100

                                  Symbol Table

?__Umul8_16               cstackBANK1  00AE
?___fladd                 cstackBANK3  01A5
?___fldiv                 cstackBANK3  0190
?___flmul                 cstackBANK1  00BC
?___fltol                 cstackBANK3  01B9
?___xxtofl                cstackBANK1  00AE
?_map                     cstackBANK1  00A2
?i1__Umul8_16             cstackCOMMON 0070
?i1___fladd               cstackBANK0  0054
?i1___fldiv               cstackBANK0  0020
?i1___flmul               cstackBANK0  003A
?i1___fltol               cstackBANK0  0068
?i1___xxtofl              cstackCOMMON 0070
PWM_DUTY@channel          cstackBANK3  01CD
PWM_DUTY@duty             cstackBANK3  01C3
PWM_DUTY@duty_var         cstackBANK3  01CE
PWM_SETUP@channel         cstackBANK1  00DB
PWM_SETUP@periodo_ms      cstackBANK3  01C3
_ADCON0bits               (abs)        001F
_ADCON1bits               (abs)        009F
_ADRESH                   (abs)        001E
_ANSELH                   (abs)        0189
_ANSELbits                (abs)        0188
_CCP1CON                  (abs)        0017
_CCP1CONbits              (abs)        0017
_CCP2CON                  (abs)        001D
_CCP2CONbits              (abs)        001D
_CCPR1L                   (abs)        0015
_CCPR1VAR                 bssBANK1     00DE
_CCPR2L                   (abs)        001B
_CCPR2VAR                 bssBANK1     00DC
_INTCONbits               (abs)        000B
_LED_PWM                  bssBANK1     00E1
_LED_VAR                  bssBANK1     00E0
_OPTION_REGbits           (abs)        0081
_OSCCONbits               (abs)        008F
_PIE1bits                 (abs)        008C
_PIR1bits                 (abs)        000C
_PORTA                    (abs)        0005
_PORTB                    (abs)        0006
_PORTC                    (abs)        0007
_PORTCbits                (abs)        0007
_PORTD                    (abs)        0008
_PORTE                    (abs)        0009
_PR2                      (abs)        0092
_PWM_DUTY                 text6        06A9
_PWM_DUTY$1197            cstackBANK3  01C9
_PWM_SETUP                text4        1362
_PWMmanual_INT            text20       1181
_PWMmanual_setup          text3        0800
_T2CONbits                (abs)        0012
_TMR0                     (abs)        0001
_TRISC                    (abs)        0087
_TRISCbits                (abs)        0087
__Habs1                   abs1         0000
__Hbank0                  bank0        0000
__Hbank1                  bank1        0000
__Hbank2                  bank2        0000
__Hbank3                  bank3        0000
__HbssBANK1               bssBANK1     0000
__Hcinit                  cinit        001F
__Hclrtext                clrtext      0000
__Hcode                   code         0000
__Hcommon                 common       0000
__Hconfig                 config       2009
__HcstackBANK0            cstackBANK0  0000
__HcstackBANK1            cstackBANK1  0000
__HcstackBANK3            cstackBANK3  0000
__HcstackCOMMON           cstackCOMMON 0000
__Heeprom_data            eeprom_data  0000
__Hend_init               end_init     0013
__Hfunctab                functab      0000
__Hidloc                  idloc        2004
__Hinit                   init         0010
__Hintentry               intentry     0010
__Hmaintext               maintext     0000
__Hpowerup                powerup      0000
__Hram                    ram          0000
__Hreset_vec              reset_vec    0003
__Hsfr0                   sfr0         0000
__Hsfr1                   sfr1         0000
__Hsfr2                   sfr2         0000
__Hsfr3                   sfr3         0000
__Hspace_0                (abs)        1800
__Hspace_1                (abs)        01D2
__Hspace_2                (abs)        0000
__Hspace_3                (abs)        0000
__Hspace_4                (abs)        4010
__Hstack                  stack        0000
__Hstrings                strings      0000
__Htext                   text         0000
__Labs1                   abs1         0000
__Lbank0                  bank0        0000
__Lbank1                  bank1        0000
__Lbank2                  bank2        0000
__Lbank3                  bank3        0000
__LbssBANK1               bssBANK1     0000
__Lcinit                  cinit        0013
__Lclrtext                clrtext      0000
__Lcode                   code         0000
__Lcommon                 common       0000
__Lconfig                 config       0000
__LcstackBANK0            cstackBANK0  0000
__LcstackBANK1            cstackBANK1  0000
__LcstackBANK3            cstackBANK3  0000
__LcstackCOMMON           cstackCOMMON 0000
__Leeprom_data            eeprom_data  0000
__Lend_init               end_init     0010
__Lfunctab                functab      0000
__Lidloc                  idloc        0000
__Linit                   init         0010
__Lintentry               intentry     0004
__Lmaintext               maintext     0000
__Lpowerup                powerup      0000
__Lram                    ram          0000
__Lreset_vec              reset_vec    0000
__Lsfr0                   sfr0         0000
__Lsfr1                   sfr1         0000
__Lsfr2                   sfr2         0000
__Lsfr3                   sfr3         0000
__Lspace_0                (abs)        0000
__Lspace_1                (abs)        0000
__Lspace_2                (abs)        0000
__Lspace_3                (abs)        0000
__Lspace_4                (abs)        0000
__Lstack                  stack        0000
__Lstrings                strings      0000
__Ltext                   text         0000
__S0                      (abs)        1800
__S1                      (abs)        01D2
__S3                      (abs)        0000
__Umul8_16                text10       07B9
__Umul8_16@multiplicand   cstackBANK1  00AE
__Umul8_16@multiplier     cstackBANK1  00B6
__Umul8_16@product        cstackBANK1  00B2
__Umul8_16@word_mpld      cstackBANK1  00B4
___fladd                  text5        0DA8
___fladd@a                cstackBANK3  01A9
___fladd@aexp             cstackBANK3  01B6
___fladd@b                cstackBANK3  01A5
___fladd@bexp             cstackBANK3  01B7
___fladd@grs              cstackBANK3  01B8
___fladd@signs            cstackBANK3  01B5
___fldiv                  text11       08FF
___fldiv@a                cstackBANK3  0190
___fldiv@aexp             cstackBANK3  01A4
___fldiv@b                cstackBANK3  0194
___fldiv@bexp             cstackBANK3  01A3
___fldiv@grs              cstackBANK3  019F
___fldiv@new_exp          cstackBANK3  019D
___fldiv@rem              cstackBANK3  0198
___fldiv@sign             cstackBANK3  019C
___flmul                  text9        001F
___flmul@a                cstackBANK1  00C0
___flmul@aexp             cstackBANK1  00CA
___flmul@b                cstackBANK1  00BC
___flmul@bexp             cstackBANK1  00CF
___flmul@grs              cstackBANK1  00CB
___flmul@prod             cstackBANK1  00D0
___flmul@sign             cstackBANK1  00C9
___flmul@temp             cstackBANK1  00D4
___fltol                  text8        11B8
___fltol@exp1             cstackBANK3  01C2
___fltol@f1               cstackBANK3  01B9
___fltol@sign1            cstackBANK3  01C1
___int_sp                 stack        0000
___latbits                (abs)        0002
___sp                     stack        0000
___stackhi                (abs)        0000
___stacklo                (abs)        0000
___xxtofl                 text7        1573
___xxtofl@arg             cstackBANK1  00B8
___xxtofl@exp             cstackBANK1  00B7
___xxtofl@sign            cstackBANK1  00B6
___xxtofl@val             cstackBANK1  00AE
__end_of_PWM_DUTY         text6        07B9
__end_of_PWM_SETUP        text4        140D
__end_of_PWMmanual_INT    text20       1198
__end_of_PWMmanual_setup  text3        080D
__end_of__Umul8_16        text10       07E2
__end_of___fladd          text5        1000
__end_of___fldiv          text11       0B50
__end_of___flmul          text9        0364
__end_of___fltol          text8        1230
__end_of___xxtofl         text7        162D
__end_of__initialization  cinit        001B
__end_of_isr              text12       08FF
__end_of_main             maintext     1362
__end_of_map              text13       14BB
__end_of_setup            text2        11B8
__end_of_setupADC         text1        07FF
__end_ofi1__Umul8_16      text17       0834
__end_ofi1___fladd        text19       0DA8
__end_ofi1___fldiv        text18       1800
__end_ofi1___flmul        text16       06A9
__end_ofi1___fltol        text15       12BE
__end_ofi1___xxtofl       text14       1573
__initialization          cinit        0013
__pbssBANK1               bssBANK1     00DC
__pcstackBANK0            cstackBANK0  0020
__pcstackBANK1            cstackBANK1  00A0
__pcstackBANK3            cstackBANK3  0190
__pcstackCOMMON           cstackCOMMON 0070
__pintentry               intentry     0004
__pmaintext               maintext     12BE
__ptext1                  text1        07E2
__ptext10                 text10       07B9
__ptext11                 text11       08FF
__ptext12                 text12       0834
__ptext13                 text13       140D
__ptext14                 text14       14BB
__ptext15                 text15       1230
__ptext16                 text16       0364
__ptext17                 text17       080D
__ptext18                 text18       162D
__ptext19                 text19       0B50
__ptext2                  text2        1198
__ptext20                 text20       1181
__ptext3                  text3        0800
__ptext4                  text4        1362
__ptext5                  text5        0DA8
__ptext6                  text6        06A9
__ptext7                  text7        1573
__ptext8                  text8        11B8
__ptext9                  text9        001F
_isr                      text12       0834
_main                     maintext     12BE
_map                      text13       140D
_setup                    text2        1198
_setupADC                 text1        07E2
btemp                     (abs)        007E
end_of_initialization     cinit        001B
i1__Umul8_16              text17       080D
i1__Umul8_16@multiplicand cstackCOMMON 0070
i1__Umul8_16@multiplier   cstackCOMMON 0078
i1__Umul8_16@product      cstackCOMMON 0074
i1__Umul8_16@word_mpld    cstackCOMMON 0076
i1___fladd                text19       0B50
i1___fladd@a              cstackBANK0  0058
i1___fladd@aexp           cstackBANK0  0065
i1___fladd@b              cstackBANK0  0054
i1___fladd@bexp           cstackBANK0  0066
i1___fladd@grs            cstackBANK0  0067
i1___fladd@signs          cstackBANK0  0064
i1___fldiv                text18       162D
i1___fldiv@a              cstackBANK0  0020
i1___fldiv@aexp           cstackBANK0  0039
i1___fldiv@b              cstackBANK0  0024
i1___fldiv@bexp           cstackBANK0  0038
i1___fldiv@grs            cstackBANK0  0034
i1___fldiv@new_exp        cstackBANK0  0032
i1___fldiv@rem            cstackBANK0  002D
i1___fldiv@sign           cstackBANK0  0031
i1___flmul                text16       0364
i1___flmul@a              cstackBANK0  003E
i1___flmul@aexp           cstackBANK0  004C
i1___flmul@b              cstackBANK0  003A
i1___flmul@bexp           cstackBANK0  004D
i1___flmul@grs            cstackBANK0  0048
i1___flmul@prod           cstackBANK0  004E
i1___flmul@sign           cstackBANK0  0047
i1___flmul@temp           cstackBANK0  0052
i1___fltol                text15       1230
i1___fltol@exp1           cstackBANK1  00A1
i1___fltol@f1             cstackBANK0  0068
i1___fltol@sign1          cstackBANK1  00A0
i1___xxtofl               text14       14BB
i1___xxtofl@arg           cstackCOMMON 007A
i1___xxtofl@exp           cstackCOMMON 0079
i1___xxtofl@sign          cstackCOMMON 0078
i1___xxtofl@val           cstackCOMMON 0070
interrupt_function        intentry     0004
intlevel0                 functab      0000
intlevel1                 functab      0000
intlevel2                 functab      0000
intlevel3                 functab      0000
intlevel4                 functab      0000
intlevel5                 functab      0000
map@INPUT                 cstackBANK1  00A8
map@IN_MAX                cstackBANK1  00A3
map@IN_MIN                cstackBANK1  00A2
map@OUT_MAX               cstackBANK1  00A6
map@OUT_MIN               cstackBANK1  00A4
reset_vec                 reset_vec    0000
saved_w                   (abs)        007E
start                     init         0010
start_initialization      cinit        0013
wtemp0                    (abs)        007E


MODULE INFORMATION

Module		Function		Class		Link	Load	Size
C:\Program Files\Microchip\xc8\v2.40\pic\sources\c90\common\fltol.c
		___fltol       		CODE           	11B8	0000	120

C:\Program Files\Microchip\xc8\v2.40\pic\sources\c90\common\fltol.c estimated size: 120

C:\Program Files\Microchip\xc8\v2.40\pic\sources\c90\common\sprcmul.c
		___flmul       		CODE           	001F	0000	837

C:\Program Files\Microchip\xc8\v2.40\pic\sources\c90\common\sprcmul.c estimated size: 837

C:\Program Files\Microchip\xc8\v2.40\pic\sources\c90\common\sprcdiv.c
		___fldiv       		CODE           	08FF	0000	593

C:\Program Files\Microchip\xc8\v2.40\pic\sources\c90\common\sprcdiv.c estimated size: 593

newmain.c
		_map           		CODE           	140D	0000	174
		_main          		CODE           	12BE	0000	164
		_isr           		CODE           	0834	0000	203
		_setup         		CODE           	1198	0000	32
		_setupADC      		CODE           	07E2	0000	29

newmain.c estimated size: 602

C:\Program Files\Microchip\xc8\v2.40\pic\sources\c90\common\Umul8_16.c
		__Umul8_16     		CODE           	07B9	0000	41

C:\Program Files\Microchip\xc8\v2.40\pic\sources\c90\common\Umul8_16.c estimated size: 41

PWM.c
		_PWM_DUTY      		CODE           	06A9	0000	272
		_PWM_SETUP     		CODE           	1362	0000	171

PWM.c estimated size: 443

shared
		i1___fladd     		CODE           	0B50	0000	600
		i1__Umul8_16   		CODE           	080D	0000	39
		i1___fldiv     		CODE           	162D	0000	467
		i1___fltol     		CODE           	1230	0000	142
		__initialization		CODE           	0013	0000	8
		i1___flmul     		CODE           	0364	0000	837
		i1___xxtofl    		CODE           	14BB	0000	184

shared estimated size: 2277

C:\Program Files\Microchip\xc8\v2.40\pic\sources\c90\common\sprcadd.c
		___fladd       		CODE           	0DA8	0000	600

C:\Program Files\Microchip\xc8\v2.40\pic\sources\c90\common\sprcadd.c estimated size: 600

PWMmanual.c
		_PWMmanual_setup		CODE           	0800	0000	13
		_PWMmanual_INT 		CODE           	1181	0000	23

PWMmanual.c estimated size: 36

C:\Program Files\Microchip\xc8\v2.40\pic\sources\c90\common\xxtofl.c
		___xxtofl      		CODE           	1573	0000	186

C:\Program Files\Microchip\xc8\v2.40\pic\sources\c90\common\xxtofl.c estimated size: 186

